// Jest Snapshot v1, https://goo.gl/fbAQLP

exports[`TextInput component should create snapshot 1`] = `
<DocumentFragment>
  <div
    class="text-input"
  >
    <label
      class="text-input__label"
    >
      Name:
      <input
        class="text-input__input"
        id="test"
        maxlength="12"
        minlength="2"
        placeholder="Your Name"
        required=""
        type="text"
      />
    </label>
  </div>
</DocumentFragment>
`;
