// Jest Snapshot v1, https://goo.gl/fbAQLP

exports[`TextInput component should create snapshot 1`] = `
<DocumentFragment>
  <div
    class="text-input"
  >
    <label
      class="text-input__label"
      for="name"
    >
      Name:
      <i>
        *
      </i>
      <input
        class="text-input__input"
        id="test"
        placeholder="Your Name"
        type="text"
      />
    </label>
  </div>
</DocumentFragment>
`;
