// Jest Snapshot v1, https://goo.gl/fbAQLP

exports[`Switcher component should create snapshot 1`] = `
<DocumentFragment>
  <div
    class="switcher-wrapper"
  >
    <p
      class="switcher-wrapper__header"
    >
      Gender:
    </p>
    <div
      class="switcher-wrapper__field"
    >
      <input
        checked=""
        id="one"
        name="switch-one"
        type="radio"
        value="Male"
      />
      <label
        for="one"
      >
        Male
      </label>
      <input
        id="two"
        name="switch-one"
        type="radio"
        value="Female"
      />
      <label
        for="two"
      >
        Female
      </label>
    </div>
  </div>
</DocumentFragment>
`;
