// Jest Snapshot v1, https://goo.gl/fbAQLP

exports[`User Creating Form component should create snapshot 1`] = `
<DocumentFragment>
  <form
    class="create-user-form"
  >
    <div
      class="text-input"
    >
      <label
        class="text-input__label"
        for="name"
      >
        Name:
        <i>
          *
        </i>
        <input
          class="text-input__input"
          id="name-user-form"
          name="name"
          placeholder="Your Name"
          type="text"
        />
      </label>
    </div>
    <div
      class="date-input"
    >
      <label
        class="date-input__label"
        for="birthday"
      >
        Birthday:
        <i>
          *
        </i>
        <input
          class="date-input__input"
          id="b-day-user-form"
          max="2022-01-01"
          min="1922-01-01"
          name="birthday"
          type="date"
          value="2000-01-01"
        />
      </label>
    </div>
    <div
      class="select"
    >
      <label
        class="select__label"
      >
        Your monthly income:
        <i>
          *
        </i>
        <select
          class="select__select"
          id="salary-user-form"
          name="salary"
        >
          <option
            disabled=""
          >
            Please choose an option
          </option>
          <option
            value="less than 100$"
          >
            less than 100$
          </option>
          <option
            value="100-199$"
          >
            100-199$
          </option>
          <option
            value="200-299$"
          >
            200-299$
          </option>
          <option
            value="300-399$"
          >
            300-399$
          </option>
          <option
            value="400-499$"
          >
            400-499$
          </option>
          <option
            value="over 500$"
          >
            over 500$
          </option>
        </select>
      </label>
    </div>
    <div
      class="switcher-wrapper"
    >
      <p
        class="switcher-wrapper__header"
      >
        Gender:
      </p>
      <div
        class="switcher-wrapper__field"
      >
        <input
          checked=""
          id="radio-male-user-form"
          name="gender"
          type="radio"
          value="Male"
        />
        <label
          for="radio-male-user-form"
        >
          Male
        </label>
        <input
          id="radio-female-user-form"
          name="gender"
          type="radio"
          value="Female"
        />
        <label
          for="radio-female-user-form"
        >
          Female
        </label>
      </div>
    </div>
    <div
      class="checkbox"
    >
      <input
        checked=""
        class="checkbox__input"
        id="mailing-user-form"
        name="mailing"
        type="checkbox"
      />
      <label
        class="checkbox__label"
        for="mailing-user-form"
      >
        Receive mailing
      </label>
    </div>
    <div
      class="file-upload"
    >
      <label
        class="file-upload__label"
      >
        <p
          class="file-upload__label-text"
        >
          Add your photo
          <i>
            *
          </i>
        </p>
        <input
          accept="image/*"
          class="file-upload__input"
          id="avatar-user-form"
          name="avatarPath"
          type="file"
        />
      </label>
    </div>
    <input
      class="create-user-button"
      type="submit"
      value="Create user"
    />
  </form>
</DocumentFragment>
`;
