// Jest Snapshot v1, https://goo.gl/fbAQLP

exports[`ProductCard component create modal window snapshot 1`] = `
<DocumentFragment>
  <div
    class="card"
  >
    <img
      alt="https://rickandmortyapi.com/api/character/avatar/1.jpeg"
      class="card__img"
      src="https://rickandmortyapi.com/api/character/avatar/1.jpeg"
    />
    <h3
      class="card__title"
    >
      Rick Sanchez
    </h3>
    <button
      class="card__button"
    >
      button
    </button>
  </div>
</DocumentFragment>
`;
