// Jest Snapshot v1, https://goo.gl/fbAQLP

exports[`Select component should create snapshot 1`] = `
<DocumentFragment>
  <div
    class="select"
  >
    <label
      class="select__label"
    >
      Your monthly income:
      <i>
        *
      </i>
      <select
        class="select__select"
        id="test"
      >
        <option
          value="test-1"
        >
          test-1
        </option>
        <option
          value="test-2"
        >
          test-2
        </option>
      </select>
    </label>
  </div>
</DocumentFragment>
`;
