// Jest Snapshot v1, https://goo.gl/fbAQLP

exports[`DateInput component should create snapshot 1`] = `
<DocumentFragment>
  <label
    class="user-birthday__label"
  >
    Birthday:
    <input
      class="user-birthday__input"
      type="date"
      value="2000-01-01"
    />
  </label>
</DocumentFragment>
`;
