// Jest Snapshot v1, https://goo.gl/fbAQLP

exports[`DateInput component should create snapshot 1`] = `
<DocumentFragment>
  <div
    class="date-input"
  >
    <label
      class="date-input__label"
    >
      Birthday:
      <input
        class="date-input__input"
        id="test"
        type="date"
        value="2000-01-01"
      />
    </label>
  </div>
</DocumentFragment>
`;
