// Jest Snapshot v1, https://goo.gl/fbAQLP

exports[`Main component should create snapshot 1`] = `
<DocumentFragment>
  <h1>
    Welcome to us!
  </h1>
  <div
    class="cards-wrapper"
  >
    <div
      class="card"
    >
      <img
        alt="https://rickandmortyapi.com/api/character/avatar/1.jpeg"
        class="card__img"
        src="https://rickandmortyapi.com/api/character/avatar/1.jpeg"
      />
      <h3
        class="card__title"
      >
        Rick Sanchez
      </h3>
      <button
        class="card__button"
      >
        Learn more
      </button>
    </div>
    <div
      class="card"
    >
      <img
        alt="https://rickandmortyapi.com/api/character/avatar/2.jpeg"
        class="card__img"
        src="https://rickandmortyapi.com/api/character/avatar/2.jpeg"
      />
      <h3
        class="card__title"
      >
        Morty Smith
      </h3>
      <button
        class="card__button"
      >
        Learn more
      </button>
    </div>
  </div>
</DocumentFragment>
`;
