// Jest Snapshot v1, https://goo.gl/fbAQLP

exports[`App should create snapshot 1`] = `
<DocumentFragment>
  <div
    class="App"
    data-testid="app"
  >
    <header
      class="header"
    >
      <nav
        class="navbar"
      >
        <ul
          class="navbar__items"
        >
          <li
            class="navbar__item"
          >
            <a
              aria-current="page"
              class="navbar__link active"
              href="/"
            >
              Home
            </a>
          </li>
          <li
            class="navbar__item"
          >
            <a
              class="navbar__link"
              href="/about"
            >
              About
            </a>
          </li>
          <li
            class="navbar__item"
          >
            <a
              class="navbar__link"
              href="/form"
            >
              Form
            </a>
          </li>
        </ul>
      </nav>
      <div
        class="search-container"
      >
        <form
          class="search-form"
        >
          <span>
            🔍
          </span>
          <input
            class="search"
            placeholder="Search..."
            value=""
          />
        </form>
      </div>
    </header>
    <main
      class="main"
    >
      <h1>
        Welcome to us!
      </h1>
      <div
        class="cards-wrapper"
      >
        <div
          class="card"
        >
          <img
            alt="https://rickandmortyapi.com/api/character/avatar/1.jpeg"
            class="card__img"
            src="https://rickandmortyapi.com/api/character/avatar/1.jpeg"
          />
          <div
            class="card__wrapper-title"
          >
            <h3
              class="card__wrapper-title-text"
            >
              Rick Sanchez
            </h3>
          </div>
          <button
            class="card__button"
          >
            Learn more
          </button>
        </div>
        <div
          class="card"
        >
          <img
            alt="https://rickandmortyapi.com/api/character/avatar/2.jpeg"
            class="card__img"
            src="https://rickandmortyapi.com/api/character/avatar/2.jpeg"
          />
          <div
            class="card__wrapper-title"
          >
            <h3
              class="card__wrapper-title-text"
            >
              Morty Smith
            </h3>
          </div>
          <button
            class="card__button"
          >
            Learn more
          </button>
        </div>
      </div>
    </main>
  </div>
</DocumentFragment>
`;
