// Jest Snapshot v1, https://goo.gl/fbAQLP

exports[`FileUpload component should create snapshot 1`] = `
<DocumentFragment>
  <label
    class="avatar-label"
  >
    <input
      accept="image/*"
      class="avatar-input"
      id="user-avatar"
      name="user-avatar"
      type="file"
    />
    Add your photo
  </label>
</DocumentFragment>
`;
