// Jest Snapshot v1, https://goo.gl/fbAQLP

exports[`FileUpload component should create snapshot 1`] = `
<DocumentFragment>
  <div
    class="file-upload"
  >
    <label
      class="file-upload__label"
    >
      <p
        class="file-upload__label-text"
      >
        Add your photo
      </p>
      <input
        accept="image/*"
        class="file-upload__input"
        id="test"
      />
    </label>
  </div>
</DocumentFragment>
`;
